// Jest Snapshot v1, https://goo.gl/fbAQLP

exports[`Help renders correctly 1`] = `
<div>
  <button
    class="css-8ptk1h"
  >
     ðŸ™‚ Hey! You clicked 0 times!!
  </button>
</div>
`;
